[2020-01-09 15:34:56:056] DEBUG - org.jcrontab.version : 2.0.RC1
[2020-01-09 15:34:56:056] DEBUG - org.jcrontab.Crontab.refreshFrequency : 3
[2020-01-09 15:34:56:056] DEBUG - org.xml.sax.driver : org.apache.xerces.parsers.SAXParser
[2020-01-09 15:34:56:056] DEBUG - org.jcrontab.data.datasource : org.jcrontab.data.XMLSource
[2020-01-09 15:34:56:056] DEBUG - org.jcrontab.log.Logger : com.inticube.xcron.logs.ScheduleLogger
[2020-01-09 15:34:57:057] DEBUG - Interval to sleep : 179999
[2020-01-09 15:37:57:057] DEBUG - Interval to sleep : 180000
[2020-01-09 15:40:57:057] DEBUG - Interval to sleep : 180000
[2020-01-09 15:43:57:057] DEBUG - Interval to sleep : 180000
[2020-01-09 15:46:57:057] DEBUG - Interval to sleep : 180000
[2020-01-09 15:49:57:057] DEBUG - Interval to sleep : 180000
[2020-01-09 15:52:57:057] DEBUG - Interval to sleep : 180000
[2020-01-09 15:55:57:057] DEBUG - Interval to sleep : 180000
[2020-01-09 15:58:57:057] DEBUG - Interval to sleep : 179999
[2020-01-09 16:01:57:057] DEBUG - Interval to sleep : 180000
[2020-01-09 16:04:57:057] DEBUG - Interval to sleep : 180000
[2020-01-09 16:07:57:057] DEBUG - Interval to sleep : 180000
[2020-01-09 16:10:57:057] DEBUG - Interval to sleep : 180000
[2020-01-09 16:13:57:057] DEBUG - Interval to sleep : 180000
[2020-01-09 16:16:57:057] DEBUG - Interval to sleep : 179999
[2020-01-09 16:19:57:057] DEBUG - Interval to sleep : 179999
[2020-01-09 16:22:57:057] DEBUG - Interval to sleep : 179999
[2020-01-09 16:25:57:057] DEBUG - Interval to sleep : 179999
[2020-01-09 16:28:57:057] DEBUG - Interval to sleep : 179999
[2020-01-09 16:31:57:057] DEBUG - Interval to sleep : 180000
[2020-01-09 16:34:57:057] DEBUG - Interval to sleep : 180000
[2020-01-09 16:37:57:057] DEBUG - Interval to sleep : 180000
[2020-01-09 16:40:57:057] DEBUG - Interval to sleep : 180000
[2020-01-09 16:43:57:057] DEBUG - Interval to sleep : 180000
[2020-01-09 16:46:57:057] DEBUG - Interval to sleep : 180000
[2020-01-09 16:49:57:057] DEBUG - Interval to sleep : 180000
[2020-01-09 16:52:57:057] DEBUG - Interval to sleep : 180000
[2020-01-09 16:55:57:057] DEBUG - Interval to sleep : 180000
[2020-01-09 16:58:57:057] DEBUG - Interval to sleep : 180000
[2020-01-09 17:01:57:057] DEBUG - Interval to sleep : 180000
[2020-01-09 17:04:57:057] DEBUG - Interval to sleep : 180000
[2020-01-09 17:07:57:057] DEBUG - Interval to sleep : 179999
[2020-01-09 17:10:57:057] DEBUG - Interval to sleep : 180000
[2020-01-09 17:13:57:057] DEBUG - Interval to sleep : 179999
[2020-01-09 17:16:57:057] DEBUG - Interval to sleep : 180000
[2020-01-09 17:19:57:057] DEBUG - Interval to sleep : 180000
[2020-01-09 17:22:57:057] DEBUG - Interval to sleep : 180000
[2020-01-09 17:25:57:057] DEBUG - Interval to sleep : 179999
[2020-01-09 17:28:57:057] DEBUG - Interval to sleep : 180000
[2020-01-09 17:31:57:057] DEBUG - Interval to sleep : 179999
[2020-01-09 17:34:57:057] DEBUG - Interval to sleep : 180000
[2020-01-09 17:37:57:057] DEBUG - Interval to sleep : 180000
[2020-01-09 17:40:57:057] DEBUG - Interval to sleep : 180000
[2020-01-09 17:43:57:057] DEBUG - Interval to sleep : 180000
[2020-01-09 17:46:57:057] DEBUG - Interval to sleep : 180000
[2020-01-09 17:49:57:057] DEBUG - Interval to sleep : 180000
[2020-01-09 17:52:57:057] DEBUG - Interval to sleep : 180000
[2020-01-09 17:55:57:057] DEBUG - Interval to sleep : 180000
[2020-01-09 17:58:57:057] DEBUG - Interval to sleep : 180000
[2020-01-09 18:01:57:057] DEBUG - Interval to sleep : 180000
[2020-01-10 10:27:56:056] DEBUG - org.jcrontab.version : 2.0.RC1
[2020-01-10 10:27:56:056] DEBUG - org.jcrontab.Crontab.refreshFrequency : 3
[2020-01-10 10:27:56:056] DEBUG - org.xml.sax.driver : org.apache.xerces.parsers.SAXParser
[2020-01-10 10:27:56:056] DEBUG - org.jcrontab.data.datasource : org.jcrontab.data.XMLSource
[2020-01-10 10:27:56:056] DEBUG - org.jcrontab.log.Logger : com.inticube.xcron.logs.ScheduleLogger
[2020-01-10 10:27:56:056] DEBUG - Interval to sleep : 179999
[2020-01-10 10:30:56:056] DEBUG - Interval to sleep : 179999
[2020-01-10 10:33:56:056] DEBUG - Interval to sleep : 180000
[2020-01-10 10:36:56:056] DEBUG - Interval to sleep : 180000
[2020-01-10 10:39:56:056] DEBUG - Interval to sleep : 180000
[2020-01-10 10:42:56:056] DEBUG - Interval to sleep : 179999
[2020-01-10 10:45:56:056] DEBUG - Interval to sleep : 180000
[2020-01-10 10:48:56:056] DEBUG - Interval to sleep : 180000
[2020-01-10 10:51:56:056] DEBUG - Interval to sleep : 179999
[2020-01-10 10:54:56:056] DEBUG - Interval to sleep : 180000
[2020-01-10 10:57:56:056] DEBUG - Interval to sleep : 180000
[2020-01-10 11:00:56:056] DEBUG - Interval to sleep : 179999
[2020-01-10 11:03:56:056] DEBUG - Interval to sleep : 179999
[2020-01-10 11:06:56:056] DEBUG - Interval to sleep : 180000
[2020-01-10 11:09:56:056] DEBUG - Interval to sleep : 180000
[2020-01-10 11:12:56:056] DEBUG - Interval to sleep : 180000
[2020-01-10 11:15:56:056] DEBUG - Interval to sleep : 179999
[2020-01-10 11:18:56:056] DEBUG - Interval to sleep : 180000
[2020-01-10 11:21:56:056] DEBUG - Interval to sleep : 180000
[2020-01-10 11:24:56:056] DEBUG - Interval to sleep : 180000
[2020-01-10 11:27:56:056] DEBUG - Interval to sleep : 180000
[2020-01-10 11:30:56:056] DEBUG - Interval to sleep : 180000
[2020-01-10 11:33:56:056] DEBUG - Interval to sleep : 180000
[2020-01-10 11:36:56:056] DEBUG - Interval to sleep : 180000
[2020-01-10 11:39:56:056] DEBUG - Interval to sleep : 180000
[2020-01-10 11:42:56:056] DEBUG - Interval to sleep : 180000
[2020-01-10 11:45:56:056] DEBUG - Interval to sleep : 180000
[2020-01-10 11:48:56:056] DEBUG - Interval to sleep : 179999
[2020-01-10 11:51:56:056] DEBUG - Interval to sleep : 180000
[2020-01-10 11:54:56:056] DEBUG - Interval to sleep : 180000
[2020-01-10 11:57:56:056] DEBUG - Interval to sleep : 180000
[2020-01-10 12:00:56:056] DEBUG - Interval to sleep : 180000
[2020-01-10 12:03:56:056] DEBUG - Interval to sleep : 180000
[2020-01-10 12:06:56:056] DEBUG - Interval to sleep : 180000
[2020-01-10 12:09:56:056] DEBUG - Interval to sleep : 180000
[2020-01-10 12:12:56:056] DEBUG - Interval to sleep : 180000
[2020-01-10 12:15:56:056] DEBUG - Interval to sleep : 180000
[2020-01-10 12:18:56:056] DEBUG - Interval to sleep : 180000
[2020-01-10 12:21:56:056] DEBUG - Interval to sleep : 180000
[2020-01-10 12:24:56:056] DEBUG - Interval to sleep : 180000
[2020-01-10 12:27:56:056] DEBUG - Interval to sleep : 180000
[2020-01-10 12:30:56:056] DEBUG - Interval to sleep : 180000
[2020-01-10 12:33:56:056] DEBUG - Interval to sleep : 180000
[2020-01-10 12:36:56:056] DEBUG - Interval to sleep : 180000
[2020-01-10 12:39:56:056] DEBUG - Interval to sleep : 180000
[2020-01-10 12:42:56:056] DEBUG - Interval to sleep : 180000
[2020-01-10 12:45:56:056] DEBUG - Interval to sleep : 180000
[2020-01-10 12:48:56:056] DEBUG - Interval to sleep : 180000
[2020-01-10 12:51:56:056] DEBUG - Interval to sleep : 180000
[2020-01-10 12:54:56:056] DEBUG - Interval to sleep : 180000
[2020-01-10 12:57:56:056] DEBUG - Interval to sleep : 180000
[2020-01-10 13:00:56:056] DEBUG - Interval to sleep : 180000
[2020-01-10 13:03:56:056] DEBUG - Interval to sleep : 180000
[2020-01-10 13:06:56:056] DEBUG - Interval to sleep : 180000
[2020-01-10 13:09:56:056] DEBUG - Interval to sleep : 180000
[2020-01-10 13:12:56:056] DEBUG - Interval to sleep : 180000
[2020-01-10 13:15:56:056] DEBUG - Interval to sleep : 180000
[2020-01-10 13:18:56:056] DEBUG - Interval to sleep : 180000
[2020-01-10 13:21:56:056] DEBUG - Interval to sleep : 180000
[2020-01-10 13:24:56:056] DEBUG - Interval to sleep : 180000
[2020-01-10 13:27:56:056] DEBUG - Interval to sleep : 180000
[2020-01-10 13:30:56:056] DEBUG - Interval to sleep : 180000
[2020-01-10 13:33:56:056] DEBUG - Interval to sleep : 180000
[2020-01-10 13:36:56:056] DEBUG - Interval to sleep : 179999
[2020-01-10 13:39:56:056] DEBUG - Interval to sleep : 180000
[2020-01-10 13:42:56:056] DEBUG - Interval to sleep : 180000
[2020-01-10 13:45:56:056] DEBUG - Interval to sleep : 180000
[2020-01-10 13:48:56:056] DEBUG - Interval to sleep : 180000
[2020-01-10 13:51:56:056] DEBUG - Interval to sleep : 180000
[2020-01-10 13:54:56:056] DEBUG - Interval to sleep : 180000
[2020-01-10 13:57:56:056] DEBUG - Interval to sleep : 180000
[2020-01-10 14:00:56:056] DEBUG - Interval to sleep : 180000
[2020-01-10 14:03:56:056] DEBUG - Interval to sleep : 180000
[2020-01-10 14:06:56:056] DEBUG - Interval to sleep : 180000
[2020-01-10 14:09:56:056] DEBUG - Interval to sleep : 180000
[2020-01-10 14:12:56:056] DEBUG - Interval to sleep : 180000
[2020-01-10 14:15:56:056] DEBUG - Interval to sleep : 180000
[2020-01-10 14:18:56:056] DEBUG - Interval to sleep : 180000
[2020-01-10 14:21:56:056] DEBUG - Interval to sleep : 180000
[2020-01-10 14:24:56:056] DEBUG - Interval to sleep : 180000
[2020-01-10 14:27:56:056] DEBUG - Interval to sleep : 180000
[2020-01-10 14:30:56:056] DEBUG - Interval to sleep : 179999
[2020-01-10 14:33:56:056] DEBUG - Interval to sleep : 180000
[2020-01-10 14:36:56:056] DEBUG - Interval to sleep : 180000
[2020-01-10 14:39:56:056] DEBUG - Interval to sleep : 180000
[2020-01-10 14:42:56:056] DEBUG - Interval to sleep : 180000
[2020-01-10 14:45:56:056] DEBUG - Interval to sleep : 180000
[2020-01-10 14:48:56:056] DEBUG - Interval to sleep : 180000
[2020-01-10 14:51:56:056] DEBUG - Interval to sleep : 180000
[2020-01-10 14:54:56:056] DEBUG - Interval to sleep : 180000
[2020-01-10 14:57:56:056] DEBUG - Interval to sleep : 180000
[2020-01-10 15:00:56:056] DEBUG - Interval to sleep : 180000
[2020-01-10 15:03:56:056] DEBUG - Interval to sleep : 180000
[2020-01-10 15:06:56:056] DEBUG - Interval to sleep : 180000
[2020-01-10 15:09:56:056] DEBUG - Interval to sleep : 180000
[2020-01-10 15:12:56:056] DEBUG - Interval to sleep : 180000
[2020-01-10 15:15:56:056] DEBUG - Interval to sleep : 180000
[2020-01-10 15:18:56:056] DEBUG - Interval to sleep : 180000
[2020-01-10 15:21:56:056] DEBUG - Interval to sleep : 180000
[2020-01-10 15:24:56:056] DEBUG - Interval to sleep : 180000
[2020-01-10 15:27:56:056] DEBUG - Interval to sleep : 180000
[2020-01-10 15:30:56:056] DEBUG - Interval to sleep : 180000
[2020-01-10 15:33:56:056] DEBUG - Interval to sleep : 180000
[2020-01-10 15:36:56:056] DEBUG - Interval to sleep : 180000
[2020-01-10 15:39:56:056] DEBUG - Interval to sleep : 180000
[2020-01-10 15:42:56:056] DEBUG - Interval to sleep : 180000
[2020-01-10 15:45:56:056] DEBUG - Interval to sleep : 180000
[2020-01-10 15:48:56:056] DEBUG - Interval to sleep : 180000
[2020-01-10 15:51:56:056] DEBUG - Interval to sleep : 180000
[2020-01-10 15:54:56:056] DEBUG - Interval to sleep : 180000
[2020-01-10 15:57:56:056] DEBUG - Interval to sleep : 180000
[2020-01-10 16:00:56:056] DEBUG - Interval to sleep : 180000
[2020-01-10 16:03:56:056] DEBUG - Interval to sleep : 180000
[2020-01-10 16:06:56:056] DEBUG - Interval to sleep : 180000
[2020-01-10 16:09:56:056] DEBUG - Interval to sleep : 180000
[2020-01-10 16:12:56:056] DEBUG - Interval to sleep : 180000
[2020-01-10 16:15:56:056] DEBUG - Interval to sleep : 180000
[2020-01-10 16:18:56:056] DEBUG - Interval to sleep : 180000
[2020-01-10 16:21:56:056] DEBUG - Interval to sleep : 180000
[2020-01-10 16:24:56:056] DEBUG - Interval to sleep : 180000
[2020-01-10 16:27:56:056] DEBUG - Interval to sleep : 180000
[2020-01-10 16:30:56:056] DEBUG - Interval to sleep : 180000
[2020-01-10 16:33:56:056] DEBUG - Interval to sleep : 180000
[2020-01-10 16:36:56:056] DEBUG - Interval to sleep : 180000
[2020-01-10 16:39:56:056] DEBUG - Interval to sleep : 180000
[2020-01-10 16:42:56:056] DEBUG - Interval to sleep : 180000
[2020-01-10 16:45:56:056] DEBUG - Interval to sleep : 180000
[2020-01-10 16:48:56:056] DEBUG - Interval to sleep : 180000
[2020-01-10 16:51:56:056] DEBUG - Interval to sleep : 180000
[2020-01-10 16:54:56:056] DEBUG - Interval to sleep : 180000
[2020-01-10 16:57:56:056] DEBUG - Interval to sleep : 180000
[2020-01-10 17:00:56:056] DEBUG - Interval to sleep : 180000
[2020-01-10 17:03:56:056] DEBUG - Interval to sleep : 180000
[2020-01-10 17:06:56:056] DEBUG - Interval to sleep : 180000
[2020-01-10 17:09:56:056] DEBUG - Interval to sleep : 180000
[2020-01-10 17:12:56:056] DEBUG - Interval to sleep : 180000
[2020-01-10 17:15:56:056] DEBUG - Interval to sleep : 180000
[2020-01-10 17:18:56:056] DEBUG - Interval to sleep : 180000
[2020-01-10 17:21:56:056] DEBUG - Interval to sleep : 180000
[2020-01-10 17:24:56:056] DEBUG - Interval to sleep : 180000
[2020-01-10 17:27:56:056] DEBUG - Interval to sleep : 180000
[2020-01-10 17:30:56:056] DEBUG - Interval to sleep : 180000
[2020-01-10 17:33:56:056] DEBUG - Interval to sleep : 180000
[2020-01-10 17:36:56:056] DEBUG - Interval to sleep : 180000
[2020-01-10 17:39:56:056] DEBUG - Interval to sleep : 180000
[2020-01-10 17:42:56:056] DEBUG - Interval to sleep : 180000
[2020-01-10 17:45:56:056] DEBUG - Interval to sleep : 180000
[2020-01-10 17:48:56:056] DEBUG - Interval to sleep : 180000
[2020-01-10 17:51:56:056] DEBUG - Interval to sleep : 180000
[2020-01-10 17:54:56:056] DEBUG - Interval to sleep : 180000
[2020-01-10 17:57:56:056] DEBUG - Interval to sleep : 180000
[2020-01-10 18:00:56:056] DEBUG - Interval to sleep : 180000
[2020-01-13 10:54:51:051] DEBUG - org.jcrontab.version : 2.0.RC1
[2020-01-13 10:54:51:051] DEBUG - org.jcrontab.Crontab.refreshFrequency : 3
[2020-01-13 10:54:51:051] DEBUG - org.xml.sax.driver : org.apache.xerces.parsers.SAXParser
[2020-01-13 10:54:51:051] DEBUG - org.jcrontab.data.datasource : org.jcrontab.data.XMLSource
[2020-01-13 10:54:51:051] DEBUG - org.jcrontab.log.Logger : com.inticube.xcron.logs.ScheduleLogger
[2020-01-13 10:54:51:051] DEBUG - Interval to sleep : 179998
[2020-01-13 10:57:51:051] DEBUG - Interval to sleep : 180000
[2020-01-13 11:00:51:051] DEBUG - Interval to sleep : 179999
[2020-01-13 11:03:51:051] DEBUG - Interval to sleep : 180000
[2020-01-13 11:06:51:051] DEBUG - Interval to sleep : 180000
[2020-01-13 11:09:51:051] DEBUG - Interval to sleep : 180000
[2020-01-13 11:12:51:051] DEBUG - Interval to sleep : 179999
[2020-01-13 11:15:51:051] DEBUG - Interval to sleep : 180000
[2020-01-13 11:18:51:051] DEBUG - Interval to sleep : 179999
[2020-01-13 11:21:51:051] DEBUG - Interval to sleep : 179999
[2020-01-13 11:24:51:051] DEBUG - Interval to sleep : 180000
[2020-01-13 11:27:51:051] DEBUG - Interval to sleep : 180000
[2020-01-13 11:30:51:051] DEBUG - Interval to sleep : 180000
[2020-01-13 11:33:51:051] DEBUG - Interval to sleep : 179999
[2020-01-13 11:36:51:051] DEBUG - Interval to sleep : 180000
[2020-01-13 11:39:51:051] DEBUG - Interval to sleep : 179998
[2020-01-13 11:42:51:051] DEBUG - Interval to sleep : 179999
[2020-01-13 11:45:51:051] DEBUG - Interval to sleep : 180000
[2020-01-13 11:48:51:051] DEBUG - Interval to sleep : 180000
[2020-01-13 11:51:51:051] DEBUG - Interval to sleep : 180000
[2020-01-13 11:54:51:051] DEBUG - Interval to sleep : 180000
[2020-01-13 11:57:51:051] DEBUG - Interval to sleep : 180000
[2020-01-13 12:00:51:051] DEBUG - Interval to sleep : 180000
[2020-01-13 12:03:51:051] DEBUG - Interval to sleep : 180000
[2020-01-13 12:06:51:051] DEBUG - Interval to sleep : 180000
[2020-01-13 12:09:51:051] DEBUG - Interval to sleep : 180000
[2020-01-13 12:12:51:051] DEBUG - Interval to sleep : 180000
[2020-01-13 12:15:51:051] DEBUG - Interval to sleep : 180000
[2020-01-13 12:18:51:051] DEBUG - Interval to sleep : 180000
[2020-01-13 12:21:51:051] DEBUG - Interval to sleep : 180000
[2020-01-13 12:24:51:051] DEBUG - Interval to sleep : 180000
[2020-01-13 12:27:51:051] DEBUG - Interval to sleep : 180000
[2020-01-13 12:30:51:051] DEBUG - Interval to sleep : 180000
[2020-01-13 12:33:51:051] DEBUG - Interval to sleep : 180000
[2020-01-13 12:36:51:051] DEBUG - Interval to sleep : 180000
[2020-01-13 12:39:51:051] DEBUG - Interval to sleep : 180000
[2020-01-13 12:42:51:051] DEBUG - Interval to sleep : 180000
[2020-01-13 12:45:51:051] DEBUG - Interval to sleep : 180000
[2020-01-13 12:48:51:051] DEBUG - Interval to sleep : 180000
[2020-01-13 12:51:51:051] DEBUG - Interval to sleep : 180000
[2020-01-13 12:54:51:051] DEBUG - Interval to sleep : 180000
[2020-01-13 12:57:51:051] DEBUG - Interval to sleep : 180000
[2020-01-13 13:00:51:051] DEBUG - Interval to sleep : 180000
[2020-01-13 13:03:51:051] DEBUG - Interval to sleep : 180000
[2020-01-13 13:06:51:051] DEBUG - Interval to sleep : 180000
[2020-01-13 13:09:51:051] DEBUG - Interval to sleep : 180000
[2020-01-13 13:12:51:051] DEBUG - Interval to sleep : 180000
[2020-01-13 13:15:51:051] DEBUG - Interval to sleep : 180000
[2020-01-13 13:18:51:051] DEBUG - Interval to sleep : 180000
[2020-01-13 13:21:51:051] DEBUG - Interval to sleep : 180000
[2020-01-13 13:24:51:051] DEBUG - Interval to sleep : 180000
[2020-01-13 13:27:51:051] DEBUG - Interval to sleep : 180000
[2020-01-13 13:30:51:051] DEBUG - Interval to sleep : 180000
[2020-01-13 13:33:51:051] DEBUG - Interval to sleep : 180000
[2020-01-13 13:36:51:051] DEBUG - Interval to sleep : 180000
[2020-01-13 13:39:51:051] DEBUG - Interval to sleep : 180000
[2020-01-13 13:42:51:051] DEBUG - Interval to sleep : 180000
[2020-01-13 13:45:51:051] DEBUG - Interval to sleep : 180000
[2020-01-13 13:48:51:051] DEBUG - Interval to sleep : 180000
[2020-01-13 13:51:51:051] DEBUG - Interval to sleep : 180000
[2020-01-13 13:54:51:051] DEBUG - Interval to sleep : 180000
[2020-01-13 13:57:51:051] DEBUG - Interval to sleep : 180000
[2020-01-13 14:00:51:051] DEBUG - Interval to sleep : 180000
[2020-01-13 14:03:51:051] DEBUG - Interval to sleep : 180000
[2020-01-13 14:06:51:051] DEBUG - Interval to sleep : 180000
[2020-01-13 14:09:51:051] DEBUG - Interval to sleep : 180000
[2020-01-13 14:12:51:051] DEBUG - Interval to sleep : 180000
[2020-01-13 14:15:51:051] DEBUG - Interval to sleep : 180000
[2020-01-13 14:18:51:051] DEBUG - Interval to sleep : 180000
[2020-01-13 14:21:51:051] DEBUG - Interval to sleep : 180000
[2020-01-13 14:24:51:051] DEBUG - Interval to sleep : 180000
[2020-01-13 14:27:51:051] DEBUG - Interval to sleep : 180000
[2020-01-13 14:30:51:051] DEBUG - Interval to sleep : 180000
[2020-01-13 14:33:51:051] DEBUG - Interval to sleep : 180000
[2020-01-13 14:36:51:051] DEBUG - Interval to sleep : 180000
[2020-01-13 14:39:51:051] DEBUG - Interval to sleep : 180000
[2020-01-13 14:42:51:051] DEBUG - Interval to sleep : 180000
[2020-01-13 14:45:51:051] DEBUG - Interval to sleep : 180000
[2020-01-13 14:48:51:051] DEBUG - Interval to sleep : 180000
[2020-01-13 14:51:51:051] DEBUG - Interval to sleep : 180000
[2020-01-13 14:54:51:051] DEBUG - Interval to sleep : 180000
[2020-01-13 14:57:51:051] DEBUG - Interval to sleep : 180000
[2020-01-13 15:00:51:051] DEBUG - Interval to sleep : 180000
[2020-01-13 15:03:51:051] DEBUG - Interval to sleep : 180000
[2020-01-13 15:06:51:051] DEBUG - Interval to sleep : 180000
[2020-01-13 15:09:51:051] DEBUG - Interval to sleep : 180000
[2020-01-13 15:12:51:051] DEBUG - Interval to sleep : 180000
[2020-01-13 15:15:51:051] DEBUG - Interval to sleep : 180000
[2020-01-13 15:18:51:051] DEBUG - Interval to sleep : 180000
[2020-01-13 15:21:51:051] DEBUG - Interval to sleep : 180000
[2020-01-13 15:24:51:051] DEBUG - Interval to sleep : 180000
[2020-01-13 15:27:51:051] DEBUG - Interval to sleep : 180000
[2020-01-13 15:30:51:051] DEBUG - Interval to sleep : 180000
[2020-01-13 15:33:51:051] DEBUG - Interval to sleep : 180000
[2020-01-13 15:36:51:051] DEBUG - Interval to sleep : 180000
[2020-01-13 15:39:51:051] DEBUG - Interval to sleep : 180000
[2020-01-13 15:42:51:051] DEBUG - Interval to sleep : 180000
[2020-01-13 15:45:51:051] DEBUG - Interval to sleep : 180000
[2020-01-13 15:48:51:051] DEBUG - Interval to sleep : 180000
[2020-01-13 15:51:51:051] DEBUG - Interval to sleep : 180000
[2020-01-13 15:54:51:051] DEBUG - Interval to sleep : 180000
[2020-01-13 15:57:51:051] DEBUG - Interval to sleep : 180000
[2020-01-13 16:00:51:051] DEBUG - Interval to sleep : 180000
[2020-01-13 16:03:51:051] DEBUG - Interval to sleep : 180000
[2020-01-13 16:06:51:051] DEBUG - Interval to sleep : 180000
[2020-01-13 16:09:51:051] DEBUG - Interval to sleep : 180000
[2020-01-13 16:12:51:051] DEBUG - Interval to sleep : 180000
[2020-01-13 16:15:51:051] DEBUG - Interval to sleep : 180000
[2020-01-13 16:18:51:051] DEBUG - Interval to sleep : 180000
[2020-01-13 16:21:51:051] DEBUG - Interval to sleep : 180000
[2020-01-13 16:24:51:051] DEBUG - Interval to sleep : 180000
[2020-01-13 16:27:51:051] DEBUG - Interval to sleep : 180000
[2020-01-13 16:30:51:051] DEBUG - Interval to sleep : 180000
[2020-01-13 16:33:51:051] DEBUG - Interval to sleep : 180000
[2020-01-13 16:36:51:051] DEBUG - Interval to sleep : 180000
[2020-01-13 16:39:51:051] DEBUG - Interval to sleep : 180000
[2020-01-13 16:42:51:051] DEBUG - Interval to sleep : 180000
[2020-01-13 16:45:51:051] DEBUG - Interval to sleep : 180000
[2020-01-13 16:48:51:051] DEBUG - Interval to sleep : 180000
[2020-01-13 16:51:51:051] DEBUG - Interval to sleep : 180000
[2020-01-13 16:54:51:051] DEBUG - Interval to sleep : 180000
[2020-01-13 16:57:51:051] DEBUG - Interval to sleep : 180000
[2020-01-13 17:00:51:051] DEBUG - Interval to sleep : 180000
[2020-01-13 17:03:51:051] DEBUG - Interval to sleep : 180000
[2020-01-13 17:06:51:051] DEBUG - Interval to sleep : 180000
[2020-01-13 17:09:51:051] DEBUG - Interval to sleep : 180000
[2020-01-13 17:12:51:051] DEBUG - Interval to sleep : 180000
[2020-01-13 17:15:51:051] DEBUG - Interval to sleep : 180000
[2020-01-13 17:18:51:051] DEBUG - Interval to sleep : 180000
[2020-01-13 17:21:51:051] DEBUG - Interval to sleep : 180000
[2020-01-13 17:24:51:051] DEBUG - Interval to sleep : 180000
[2020-01-13 17:27:51:051] DEBUG - Interval to sleep : 180000
[2020-01-13 17:30:51:051] DEBUG - Interval to sleep : 180000
[2020-01-13 17:33:51:051] DEBUG - Interval to sleep : 180000
[2020-01-13 17:36:51:051] DEBUG - Interval to sleep : 180000
[2020-01-13 17:39:51:051] DEBUG - Interval to sleep : 180000
[2020-01-13 17:42:51:051] DEBUG - Interval to sleep : 180000
[2020-01-13 17:45:51:051] DEBUG - Interval to sleep : 180000
[2020-01-13 17:48:51:051] DEBUG - Interval to sleep : 180000
[2020-01-13 17:51:51:051] DEBUG - Interval to sleep : 180000
[2020-01-13 17:54:51:051] DEBUG - Interval to sleep : 180000
[2020-01-13 17:57:51:051] DEBUG - Interval to sleep : 180000
[2020-01-14 09:51:33:033] DEBUG - org.jcrontab.version : 2.0.RC1
[2020-01-14 09:51:33:033] DEBUG - org.jcrontab.Crontab.refreshFrequency : 3
[2020-01-14 09:51:33:033] DEBUG - org.xml.sax.driver : org.apache.xerces.parsers.SAXParser
[2020-01-14 09:51:33:033] DEBUG - org.jcrontab.data.datasource : org.jcrontab.data.XMLSource
[2020-01-14 09:51:33:033] DEBUG - org.jcrontab.log.Logger : com.inticube.xcron.logs.ScheduleLogger
[2020-01-14 09:51:33:033] DEBUG - Interval to sleep : 179998
[2020-01-14 09:54:33:033] DEBUG - Interval to sleep : 179999
[2020-01-14 09:57:33:033] DEBUG - Interval to sleep : 180000
[2020-01-14 10:00:33:033] DEBUG - Interval to sleep : 180000
[2020-01-14 10:03:33:033] DEBUG - Interval to sleep : 179999
[2020-01-14 10:06:33:033] DEBUG - Interval to sleep : 180000
[2020-01-14 10:09:33:033] DEBUG - Interval to sleep : 180000
[2020-01-14 10:12:33:033] DEBUG - Interval to sleep : 180000
[2020-01-14 10:15:33:033] DEBUG - Interval to sleep : 180000
[2020-01-14 10:18:33:033] DEBUG - Interval to sleep : 179999
[2020-01-14 10:21:33:033] DEBUG - Interval to sleep : 179999
[2020-01-14 10:24:33:033] DEBUG - Interval to sleep : 179999
[2020-01-14 10:27:33:033] DEBUG - Interval to sleep : 180000
[2020-01-14 10:30:33:033] DEBUG - Interval to sleep : 179999
[2020-01-14 10:33:33:033] DEBUG - Interval to sleep : 179999
[2020-01-14 10:36:33:033] DEBUG - Interval to sleep : 179999
[2020-01-14 10:39:33:033] DEBUG - Interval to sleep : 180000
[2020-01-14 10:42:33:033] DEBUG - Interval to sleep : 180000
[2020-01-14 10:45:33:033] DEBUG - Interval to sleep : 180000
[2020-01-14 10:48:33:033] DEBUG - Interval to sleep : 180000
[2020-01-14 10:51:33:033] DEBUG - Interval to sleep : 180000
[2020-01-14 10:54:33:033] DEBUG - Interval to sleep : 179999
[2020-01-14 10:57:33:033] DEBUG - Interval to sleep : 180000
[2020-01-14 11:00:33:033] DEBUG - Interval to sleep : 179999
[2020-01-14 11:03:33:033] DEBUG - Interval to sleep : 180000
[2020-01-14 11:06:33:033] DEBUG - Interval to sleep : 180000
[2020-01-14 11:09:33:033] DEBUG - Interval to sleep : 180000
[2020-01-14 11:12:33:033] DEBUG - Interval to sleep : 180000
[2020-01-14 11:15:33:033] DEBUG - Interval to sleep : 180000
[2020-01-14 11:18:33:033] DEBUG - Interval to sleep : 179999
[2020-01-14 11:18:51:051] DEBUG - org.jcrontab.version : 2.0.RC1
[2020-01-14 11:18:51:051] DEBUG - org.jcrontab.Crontab.refreshFrequency : 3
[2020-01-14 11:18:51:051] DEBUG - org.xml.sax.driver : org.apache.xerces.parsers.SAXParser
[2020-01-14 11:18:51:051] DEBUG - org.jcrontab.data.datasource : org.jcrontab.data.XMLSource
[2020-01-14 11:18:51:051] DEBUG - org.jcrontab.log.Logger : com.inticube.xcron.logs.ScheduleLogger
[2020-01-14 11:18:51:051] DEBUG - Interval to sleep : 179999
[2020-01-14 11:21:36:036] DEBUG - org.jcrontab.version : 2.0.RC1
[2020-01-14 11:21:36:036] DEBUG - org.jcrontab.Crontab.refreshFrequency : 3
[2020-01-14 11:21:36:036] DEBUG - org.xml.sax.driver : org.apache.xerces.parsers.SAXParser
[2020-01-14 11:21:36:036] DEBUG - org.jcrontab.data.datasource : org.jcrontab.data.XMLSource
[2020-01-14 11:21:36:036] DEBUG - org.jcrontab.log.Logger : com.inticube.xcron.logs.ScheduleLogger
[2020-01-14 11:21:36:036] DEBUG - Interval to sleep : 179998
[2020-01-14 11:24:37:037] DEBUG - Interval to sleep : 179997
[2020-01-14 11:27:37:037] DEBUG - Interval to sleep : 180000
[2020-01-14 11:30:37:037] DEBUG - Interval to sleep : 180000
[2020-01-14 11:33:37:037] DEBUG - Interval to sleep : 180000
[2020-01-14 11:36:37:037] DEBUG - Interval to sleep : 180000
[2020-01-14 11:39:37:037] DEBUG - Interval to sleep : 180000
[2020-01-14 11:42:37:037] DEBUG - Interval to sleep : 180000
[2020-01-14 11:45:37:037] DEBUG - Interval to sleep : 180000
[2020-01-14 11:48:37:037] DEBUG - Interval to sleep : 180000
[2020-01-14 11:51:37:037] DEBUG - Interval to sleep : 180000
[2020-01-14 11:54:37:037] DEBUG - Interval to sleep : 180000
[2020-01-14 11:57:37:037] DEBUG - Interval to sleep : 180000
[2020-01-14 12:00:37:037] DEBUG - Interval to sleep : 180000
[2020-01-14 12:03:37:037] DEBUG - Interval to sleep : 180000
[2020-01-14 12:06:37:037] DEBUG - Interval to sleep : 179999
[2020-01-14 12:09:37:037] DEBUG - Interval to sleep : 180000
[2020-01-14 12:12:37:037] DEBUG - Interval to sleep : 180000
[2020-01-14 12:15:37:037] DEBUG - Interval to sleep : 180000
[2020-01-14 12:18:37:037] DEBUG - Interval to sleep : 180000
[2020-01-14 12:21:37:037] DEBUG - Interval to sleep : 180000
[2020-01-14 12:24:37:037] DEBUG - Interval to sleep : 180000
[2020-01-14 12:27:37:037] DEBUG - Interval to sleep : 180000
[2020-01-14 12:30:37:037] DEBUG - Interval to sleep : 180000
[2020-01-14 12:33:37:037] DEBUG - Interval to sleep : 180000
[2020-01-14 12:36:37:037] DEBUG - Interval to sleep : 180000
[2020-01-14 12:39:37:037] DEBUG - Interval to sleep : 179998
[2020-01-14 12:42:37:037] DEBUG - Interval to sleep : 180000
[2020-01-14 12:45:37:037] DEBUG - Interval to sleep : 180000
[2020-01-14 12:48:37:037] DEBUG - Interval to sleep : 179999
[2020-01-14 12:51:37:037] DEBUG - Interval to sleep : 180000
[2020-01-14 12:54:37:037] DEBUG - Interval to sleep : 180000
[2020-01-14 12:57:37:037] DEBUG - Interval to sleep : 180000
[2020-01-14 13:00:37:037] DEBUG - Interval to sleep : 180000
[2020-01-14 13:03:37:037] DEBUG - Interval to sleep : 180000
[2020-01-14 13:06:37:037] DEBUG - Interval to sleep : 180000
[2020-01-14 13:09:37:037] DEBUG - Interval to sleep : 180000
[2020-01-14 13:12:37:037] DEBUG - Interval to sleep : 180000
[2020-01-14 13:15:37:037] DEBUG - Interval to sleep : 180000
[2020-01-14 13:18:37:037] DEBUG - Interval to sleep : 180000
[2020-01-14 13:21:37:037] DEBUG - Interval to sleep : 180000
[2020-01-14 13:24:37:037] DEBUG - Interval to sleep : 180000
[2020-01-14 13:27:37:037] DEBUG - Interval to sleep : 180000
